// Jest Snapshot v1, https://goo.gl/fbAQLP

exports[`Entry component tests should match snapshot 1`] = `
<div class="entry-container mb-3 pointer p-2">
  <div class="entry-title d-flex"><span class="text-success fs-5 fw-bold">23</span><span class="mx-1 fs-5">July</span><span class="mx-2 fw-light">2021,</span><span class="mx-2 fw-light">Friday</span></div>
  <div class="entry-description">hello from mock data 1</div>
</div>
`;
