// Jest Snapshot v1, https://goo.gl/fbAQLP

exports[`Home component tests should match snapshot 1`] = `
<div class="home"><img alt="Vue logo" src="">
  <h1>Hola Ro</h1><button class="btn btn-primary">Primary</button><button class="btn btn-secondary">Secondary</button><button class="btn btn-success">Daybook</button>
</div>
`;
